// Jest Snapshot v1, https://goo.gl/fbAQLP

exports[`RS should be correct pages data 1`] = `
Array [
  Object {
    "content": "1a6d2b249a4f679aca87bcb240aceb83d4405d4b",
    "description": null,
    "id": "ckbf9jxjft5070b094631w0dy",
    "pageCode": "coc",
    "seoDescription": "ML conf EU is a place to learn all about the practical application of machine learning for engineers. On November 5-6, 2020 get a clearer idea of ML, and practice it for your own projects",
    "titlePage": "Code Of Conduct",
    "titleSeo": "Code of Conduct – Machine Learning EU",
  },
  Object {
    "content": "6acbdb98eef03525a4f593e16f5fe4aa9a699218",
    "description": null,
    "id": "ckbf9lsn7t52j0b09837yezdo",
    "pageCode": "faq",
    "seoDescription": null,
    "titlePage": "FAQ",
    "titleSeo": "FAQ - Machine Learning EU",
  },
  Object {
    "content": "03e2ec7cb3365a1050a9f02a3fc200017240ca4f",
    "description": null,
    "id": "ckbf9oejz97l50b14o7kk6tri",
    "pageCode": "perks",
    "seoDescription": null,
    "titlePage": "Special Offers from Sponsors",
    "titleSeo": "Special Offers from Sponsors",
  },
  Object {
    "content": "c5c2b73addec9dbdce345c75ac8d3bb3b72d5b68",
    "description": null,
    "id": "ckbf9myg3t53y0b09kvkwuzvi",
    "pageCode": "workshops",
    "seoDescription": null,
    "titlePage": "LEARN FROM THE BEST TRAINERS IN THE CLOUD",
    "titleSeo": "Remote Workshops at ML Conf EU",
  },
  Object {
    "content": "47112dd19aec6a30ab14098a4e781c90d63bc62a",
    "description": "November 5-6, 2020",
    "id": "ckf5o0kav3t0v0911ld5q508b",
    "pageCode": "workshops_alt",
    "seoDescription": "ML conf EU is a place to learn all about the practical application of machine learning for engineers. On November 5-6, 2020 get a clearer idea of ML, and practice it for your own projects",
    "titlePage": "LEARN FROM THE BEST TRAINERS IN THE CLOUD",
    "titleSeo": "Workshops at ML Conf EU",
  },
  Object {
    "content": "5ec66e7c075194a344e9a6a74f02ec7c8fe55fc4",
    "description": null,
    "id": "ckbf9nqcyt0n70903190hzy9e",
    "pageCode": "jobs",
    "seoDescription": null,
    "titlePage": "Top Jobs",
    "titleSeo": "Top Jobs",
  },
  Object {
    "content": "f0bbf624281322f5a94f523fabf2e2aa44edc871",
    "description": "November 5-6, 2020",
    "id": "ckbf894t594ph0b14eta7aitw",
    "pageCode": "main",
    "seoDescription": "ML conf EU is a place to learn all about the practical application of machine learning for engineers. On November 5-6, 2020 get a clearer idea of ML, and practice it for your own projects",
    "titlePage": null,
    "titleSeo": "ML Conf EU – The machine learning conference for engineers",
  },
]
`;
