// Jest Snapshot v1, https://goo.gl/fbAQLP

exports[`RS should be correct pages data 1`] = `
Array [
  Object {
    "content": "c94d81c650316f48d0e99dd3a474353f6e4698e2",
    "description": "November 5-6, 2020",
    "id": "ckbf894t594ph0b14eta7aitw",
    "pageCode": "main",
    "seoDescription": "ML conf EU is a place to learn all about the practical application of machine learning for engineers. On November 5-6, 2020 get a clearer idea of ML, and practice it for your own projects",
    "titlePage": null,
    "titleSeo": "ML Conf EU – The machine learning conference for engineers",
  },
  Object {
    "content": "b413ac4e16ab131b5478250834fca31aca7b12f4",
    "description": null,
    "id": "ckbf9jxjft5070b094631w0dy",
    "pageCode": "coc",
    "seoDescription": "ML conf EU is a place to learn all about the practical application of machine learning for engineers. On November 5-6, 2020 get a clearer idea of ML, and practice it for your own projects",
    "titlePage": "Code Of Conduct",
    "titleSeo": "Code of Conduct – Machine Learning EU",
  },
  Object {
    "content": "10802bc6212e5f5cca12a64b68ced35c3eb1faa4",
    "description": null,
    "id": "ckbf9lsn7t52j0b09837yezdo",
    "pageCode": "faq",
    "seoDescription": null,
    "titlePage": "FAQ",
    "titleSeo": "FAQ - Machine Learning EU",
  },
  Object {
    "content": "5e646979a057549e48f97426e961703a4db5b464",
    "description": null,
    "id": "ckbf9myg3t53y0b09kvkwuzvi",
    "pageCode": "workshops",
    "seoDescription": null,
    "titlePage": "LEARN FROM THE BEST TRAINERS IN THE CLOUD",
    "titleSeo": "Remote Workshops at ML Conf EU",
  },
  Object {
    "content": "2a0678d58e45c4037372197c53ba6c9a1e5f3274",
    "description": null,
    "id": "ckbf9nqcyt0n70903190hzy9e",
    "pageCode": "jobs",
    "seoDescription": null,
    "titlePage": "Top Jobs",
    "titleSeo": "Top Jobs",
  },
  Object {
    "content": "254bee077c3749065a0352036fa2ce4093c6d84f",
    "description": null,
    "id": "ckbf9oejz97l50b14o7kk6tri",
    "pageCode": "perks",
    "seoDescription": null,
    "titlePage": "Special Offers from Sponsors",
    "titleSeo": "Special Offers from Sponsors",
  },
  Object {
    "content": "52e36bedfc346e15504c576723b5a8ef2e095efd",
    "description": "November 5-6, 2020",
    "id": "ckf5o0kav3t0v0911ld5q508b",
    "pageCode": "workshops_alt",
    "seoDescription": "ML conf EU is a place to learn all about the practical application of machine learning for engineers. On November 5-6, 2020 get a clearer idea of ML, and practice it for your own projects",
    "titlePage": "LEARN FROM THE BEST TRAINERS IN THE CLOUD",
    "titleSeo": "Workshops at ML Conf EU",
  },
]
`;
