// Jest Snapshot v1, https://goo.gl/fbAQLP

exports[`RS should be correct sponsors data 1`] = `
Array [
  Object {
    "category": "Gold",
    "list": Array [
      Object {
        "alt": "Microsoft",
        "category": "Gold",
        "contentType": "f188bcf25c8e419d9f8d10b0926dd825",
        "contentTypeAlt": "c52cf3fb6f1c41588ea7fc77a092f419",
        "id": "ckgghivfty5ba09704edb3tgk",
        "idAlt": "ckgghjhvthbwe0b772bvrs6ti",
        "img": "https://media.graphcms.com/jePfmrdRRy8qvceLp8yB",
        "link": "https://aka.ms/mlconf",
        "order": null,
        "sponsor": Object {
          "avatar": Object {
            "url": "https://media.graphcms.com/E4uIsugQ5qi2UTl1FvHQ",
          },
          "id": "ckgghivfty5ba09704edb3tgk",
          "site": "https://aka.ms/mlconf",
          "status": "PUBLISHED",
          "title": "Microsoft",
        },
        "status": "PUBLISHED",
        "width": 550,
      },
      Object {
        "alt": "Yandex.Toloka",
        "category": "Gold",
        "contentType": "f188bcf25c8e419d9f8d10b0926dd825",
        "contentTypeAlt": "c52cf3fb6f1c41588ea7fc77a092f419",
        "id": "ckh0ebs5w4vzl0911wczej9ev",
        "idAlt": "ckh0eckwsd28i0970xcd8jswd",
        "img": "https://media.graphcms.com/41gIRr5qQ06XLN9oDp7M",
        "link": "https://toloka.ai/?utm_source=conference&utm_medium=sponsor&utm_compaign=mlconf2020eu",
        "order": null,
        "sponsor": Object {
          "avatar": Object {
            "url": "https://media.graphcms.com/41gIRr5qQ06XLN9oDp7M",
          },
          "id": "ckh0ebs5w4vzl0911wczej9ev",
          "site": "https://toloka.ai/?utm_source=conference&utm_medium=sponsor&utm_compaign=mlconf2020eu",
          "status": "PUBLISHED",
          "title": "Yandex.Toloka",
        },
        "status": "PUBLISHED",
        "width": 150,
      },
    ],
    "mod": "logos_md sponsors-block_lg",
    "title": "Gold",
  },
  Object {
    "category": "Silver",
    "list": Array [
      Object {
        "alt": "MathWorks",
        "category": "Silver",
        "contentType": "f188bcf25c8e419d9f8d10b0926dd825",
        "contentTypeAlt": "c52cf3fb6f1c41588ea7fc77a092f419",
        "id": "ckggi9cyihdwj0b77kr6mb8va",
        "idAlt": "ckggi9vuyhdx60b77378veh3p",
        "img": "https://media.graphcms.com/KkYY8ZOQKSf28DiC7h4u",
        "link": "https://www.mathworks.com/?s_eid=PEP_24253",
        "order": null,
        "sponsor": Object {
          "avatar": Object {
            "url": "https://media.graphcms.com/KkYY8ZOQKSf28DiC7h4u",
          },
          "id": "ckggi9cyihdwj0b77kr6mb8va",
          "site": "https://www.mathworks.com/?s_eid=PEP_24253",
          "status": "PUBLISHED",
          "title": "MathWorks",
        },
        "status": "PUBLISHED",
        "width": 300,
      },
      Object {
        "alt": "academy.infinite.red",
        "category": "Silver",
        "contentType": "f188bcf25c8e419d9f8d10b0926dd825",
        "contentTypeAlt": "c52cf3fb6f1c41588ea7fc77a092f419",
        "id": "ckgm4r0n6rafo0b77yd21ln97",
        "idAlt": "ckgm4rnfwjmhi0911493rrueo",
        "img": "https://media.graphcms.com/SEHTckeT7iOVTbrmxhIA",
        "link": "https://academy.infinite.red/",
        "order": null,
        "sponsor": Object {
          "avatar": Object {
            "url": "https://media.graphcms.com/SEHTckeT7iOVTbrmxhIA",
          },
          "id": "ckgm4r0n6rafo0b77yd21ln97",
          "site": "https://academy.infinite.red/",
          "status": "PUBLISHED",
          "title": "academy.infinite.red",
        },
        "status": "PUBLISHED",
        "width": 300,
      },
    ],
    "mod": "logos_sm sponsors-block_lg",
    "title": "Silver",
  },
  Object {
    "category": "ProductionPartner",
    "list": Array [
      Object {
        "alt": "Google",
        "category": "ProductionPartner",
        "contentType": "f188bcf25c8e419d9f8d10b0926dd825",
        "contentTypeAlt": "c52cf3fb6f1c41588ea7fc77a092f419",
        "id": "ckebfhrq9e2n5091610xk7h7q",
        "idAlt": "ckfc86kq2j0dl0b77qzajqdfh",
        "img": "https://media.graphcms.com/q5DolMSCS7SKmbBYcN5i",
        "link": "https://about.google/intl/en/",
        "order": 1,
        "sponsor": Object {
          "avatar": Object {
            "url": "https://media.graphcms.com/q5DolMSCS7SKmbBYcN5i",
          },
          "id": "ckebfhrq9e2n5091610xk7h7q",
          "site": "https://about.google/intl/en/",
          "status": "PUBLISHED",
          "title": "Google",
        },
        "status": "PUBLISHED",
        "width": 250,
      },
      Object {
        "alt": "Focus Reactive",
        "category": "ProductionPartner",
        "contentType": "f188bcf25c8e419d9f8d10b0926dd825",
        "contentTypeAlt": "c52cf3fb6f1c41588ea7fc77a092f419",
        "id": "ck0zk3adkpuu60b49tpdsxjlg",
        "idAlt": "ckc62iejhuv340903lo42kaaf",
        "img": "https://media.graphcms.com/4nC2yx5Tem996iOkkVFg",
        "link": "https://focusreactive.com",
        "order": null,
        "sponsor": Object {
          "avatar": Object {
            "url": "https://media.graphcms.com/4nC2yx5Tem996iOkkVFg",
          },
          "id": "ck0zk3adkpuu60b49tpdsxjlg",
          "site": "https://focusreactive.com",
          "status": "PUBLISHED",
          "title": "Focus Reactive",
        },
        "status": "PUBLISHED",
        "width": 100,
      },
    ],
    "mod": "logos_sm sponsors-block_lg",
    "title": "Production Partners",
  },
  Object {
    "category": "Partner",
    "list": Array [
      Object {
        "alt": "schoolofdatascience",
        "category": "Partner",
        "contentType": "f188bcf25c8e419d9f8d10b0926dd825",
        "contentTypeAlt": "c52cf3fb6f1c41588ea7fc77a092f419",
        "id": "ckfp6prqu54n70b77hfoj1tiq",
        "idAlt": "ckfp6ql8kxkam09110pf6grrk",
        "img": "https://media.graphcms.com/0c7gQ1M3TxqtAwfgIB1Q",
        "link": "https://schoolofdatascience.nl/",
        "order": 1,
        "sponsor": Object {
          "avatar": Object {
            "url": "https://media.graphcms.com/0c7gQ1M3TxqtAwfgIB1Q",
          },
          "id": "ckfp6prqu54n70b77hfoj1tiq",
          "site": "https://schoolofdatascience.nl/",
          "status": "PUBLISHED",
          "title": "schoolofdatascience",
        },
        "status": "PUBLISHED",
        "width": 90,
      },
      Object {
        "alt": "toelt.ai",
        "category": "Partner",
        "contentType": "f188bcf25c8e419d9f8d10b0926dd825",
        "contentTypeAlt": "c52cf3fb6f1c41588ea7fc77a092f419",
        "id": "ckes8vtpi00oc0a8578r7weop",
        "idAlt": "ckes8wjhhzvzc0916jvk4i95j",
        "img": "https://media.graphcms.com/hQ2EBy9USICk7WCosg8F",
        "link": "http://toelt.ai/",
        "order": null,
        "sponsor": Object {
          "avatar": Object {
            "url": "https://media.graphcms.com/hQ2EBy9USICk7WCosg8F",
          },
          "id": "ckes8vtpi00oc0a8578r7weop",
          "site": "http://toelt.ai/",
          "status": "PUBLISHED",
          "title": "toelt.ai",
        },
        "status": "PUBLISHED",
        "width": 130,
      },
      Object {
        "alt": "Women Who Code Toronto",
        "category": "Partner",
        "contentType": "f188bcf25c8e419d9f8d10b0926dd825",
        "contentTypeAlt": "c52cf3fb6f1c41588ea7fc77a092f419",
        "id": "ckes8yaiuzw260916gjjun4dc",
        "idAlt": "ckes8yu1300ta0a8506rxcoia",
        "img": "https://media.graphcms.com/9UlXg2XqQBOMn5H4sTPT",
        "link": "https://www.meetup.com/Women-Who-Code-Toronto/",
        "order": null,
        "sponsor": Object {
          "avatar": Object {
            "url": "https://media.graphcms.com/9UlXg2XqQBOMn5H4sTPT",
          },
          "id": "ckes8yaiuzw260916gjjun4dc",
          "site": "https://www.meetup.com/Women-Who-Code-Toronto/",
          "status": "PUBLISHED",
          "title": "Women Who Code Toronto",
        },
        "status": "PUBLISHED",
        "width": 70,
      },
      Object {
        "alt": "Crow intelligence",
        "category": "Partner",
        "contentType": "f188bcf25c8e419d9f8d10b0926dd825",
        "contentTypeAlt": "c52cf3fb6f1c41588ea7fc77a092f419",
        "id": "ckes90nj147yg0908g00hfc45",
        "idAlt": "ckes91b5300y30a85f3lbus7t",
        "img": "https://media.graphcms.com/LfRUnp5tT5CrapkSwpYW",
        "link": "https://crowintelligence.org/",
        "order": null,
        "sponsor": Object {
          "avatar": Object {
            "url": "https://media.graphcms.com/LfRUnp5tT5CrapkSwpYW",
          },
          "id": "ckes90nj147yg0908g00hfc45",
          "site": "https://crowintelligence.org/",
          "status": "PUBLISHED",
          "title": "Crow intelligence",
        },
        "status": "PUBLISHED",
        "width": 50,
      },
      Object {
        "alt": "AIgents",
        "category": "Partner",
        "contentType": "f188bcf25c8e419d9f8d10b0926dd825",
        "contentTypeAlt": "c52cf3fb6f1c41588ea7fc77a092f419",
        "id": "ckes93hwa010u0a85mnxcyi8g",
        "idAlt": "ckes94cpa013a0a85mn1r9e02",
        "img": "https://media.graphcms.com/k8lCDlXaSgi76x8YumUW",
        "link": "https://aigents.co/",
        "order": null,
        "sponsor": Object {
          "avatar": Object {
            "url": "https://media.graphcms.com/k8lCDlXaSgi76x8YumUW",
          },
          "id": "ckes93hwa010u0a85mnxcyi8g",
          "site": "https://aigents.co/",
          "status": "PUBLISHED",
          "title": "AIgents",
        },
        "status": "PUBLISHED",
        "width": 80,
      },
      Object {
        "alt": "LA Big Data Science, Deep Learning & AI",
        "category": "Partner",
        "contentType": "f188bcf25c8e419d9f8d10b0926dd825",
        "contentTypeAlt": "c52cf3fb6f1c41588ea7fc77a092f419",
        "id": "cketokwuj1py00a857v338b21",
        "idAlt": "cketoll851pzc0a85ka9d07sw",
        "img": "https://media.graphcms.com/nCPmKiQARluV9ZjBAIUF",
        "link": "https://www.meetup.com/Los-Angeles-Deep-Learning-Big-Data-Science-AI/",
        "order": null,
        "sponsor": Object {
          "avatar": Object {
            "url": "https://media.graphcms.com/nCPmKiQARluV9ZjBAIUF",
          },
          "id": "cketokwuj1py00a857v338b21",
          "site": "https://www.meetup.com/Los-Angeles-Deep-Learning-Big-Data-Science-AI/",
          "status": "PUBLISHED",
          "title": "LA Big Data Science, Deep Learning & AI",
        },
        "status": "PUBLISHED",
        "width": 110,
      },
      Object {
        "alt": "NY-NLP",
        "category": "Partner",
        "contentType": "f188bcf25c8e419d9f8d10b0926dd825",
        "contentTypeAlt": "c52cf3fb6f1c41588ea7fc77a092f419",
        "id": "cketonbrn1m7l09166t8g0n1r",
        "idAlt": "cketonyl91q3e0a857d6ftnjk",
        "img": "https://media.graphcms.com/7Ajj7ZEFSReuAQefj4qg",
        "link": "https://www.meetup.com/NY-NLP/",
        "order": null,
        "sponsor": Object {
          "avatar": Object {
            "url": "https://media.graphcms.com/7Ajj7ZEFSReuAQefj4qg",
          },
          "id": "cketonbrn1m7l09166t8g0n1r",
          "site": "https://www.meetup.com/NY-NLP/",
          "status": "PUBLISHED",
          "title": "NY-NLP",
        },
        "status": "PUBLISHED",
        "width": 80,
      },
      Object {
        "alt": "Machine Learning Torino",
        "category": "Partner",
        "contentType": "f188bcf25c8e419d9f8d10b0926dd825",
        "contentTypeAlt": "c52cf3fb6f1c41588ea7fc77a092f419",
        "id": "cketoutno1mgo0916442pe408",
        "idAlt": "cketovteo1mii0916ab53mha3",
        "img": "https://media.graphcms.com/gD4AsHyPTh2GSsujhDTI",
        "link": "https://www.meetup.com/Machine-Learning-TO/",
        "order": null,
        "sponsor": Object {
          "avatar": Object {
            "url": "https://media.graphcms.com/gD4AsHyPTh2GSsujhDTI",
          },
          "id": "cketoutno1mgo0916442pe408",
          "site": "https://www.meetup.com/Machine-Learning-TO/",
          "status": "PUBLISHED",
          "title": "Machine Learning Torino",
        },
        "status": "PUBLISHED",
        "width": 75,
      },
      Object {
        "alt": "Vienna Deep Learning",
        "category": "Partner",
        "contentType": "f188bcf25c8e419d9f8d10b0926dd825",
        "contentTypeAlt": "c52cf3fb6f1c41588ea7fc77a092f419",
        "id": "ckev8m2w83vhg0916iodrjr2e",
        "idAlt": "ckev8mrk73vnv091699lq5moy",
        "img": "https://media.graphcms.com/kXtojWNYTeMFaA08LDcC",
        "link": "https://www.meetup.com/Vienna-Deep-Learning-Meetup/",
        "order": null,
        "sponsor": Object {
          "avatar": Object {
            "url": "https://media.graphcms.com/kXtojWNYTeMFaA08LDcC",
          },
          "id": "ckev8m2w83vhg0916iodrjr2e",
          "site": "https://www.meetup.com/Vienna-Deep-Learning-Meetup/",
          "status": "PUBLISHED",
          "title": "Vienna Deep Learning",
        },
        "status": "PUBLISHED",
        "width": 100,
      },
      Object {
        "alt": "Stockholm Machine Learning Club",
        "category": "Partner",
        "contentType": "f188bcf25c8e419d9f8d10b0926dd825",
        "contentTypeAlt": "c52cf3fb6f1c41588ea7fc77a092f419",
        "id": "ckev8o6nm3w3v0a85wx3ghng7",
        "idAlt": "ckev8ovg53w5l0a8531l8ifa7",
        "img": "https://media.graphcms.com/KJd0M31TyW6ulCPGlJDw",
        "link": "https://www.meetup.com/meetup-group-GwcrPppu/",
        "order": null,
        "sponsor": Object {
          "avatar": Object {
            "url": "https://media.graphcms.com/KJd0M31TyW6ulCPGlJDw",
          },
          "id": "ckev8o6nm3w3v0a85wx3ghng7",
          "site": "https://www.meetup.com/meetup-group-GwcrPppu/",
          "status": "PUBLISHED",
          "title": "Stockholm Machine Learning Club",
        },
        "status": "PUBLISHED",
        "width": 110,
      },
      Object {
        "alt": "Natural Language Processing Copenhagen",
        "category": "Partner",
        "contentType": "f188bcf25c8e419d9f8d10b0926dd825",
        "contentTypeAlt": "c52cf3fb6f1c41588ea7fc77a092f419",
        "id": "ckev8rbsub38k0908fqj1hrrb",
        "idAlt": "ckev92qos3whm0916otaeehej",
        "img": "https://media.graphcms.com/HaRWK4DrSMefQJFSLNAh",
        "link": "https://www.meetup.com/Natural-Language-Processing-Copenhagen-Meetup/",
        "order": null,
        "sponsor": Object {
          "avatar": Object {
            "url": "https://media.graphcms.com/HaRWK4DrSMefQJFSLNAh",
          },
          "id": "ckev8rbsub38k0908fqj1hrrb",
          "site": "https://www.meetup.com/Natural-Language-Processing-Copenhagen-Meetup/",
          "status": "PUBLISHED",
          "title": "Natural Language Processing Copenhagen",
        },
        "status": "PUBLISHED",
        "width": 60,
      },
      Object {
        "alt": "ai-fyi",
        "category": "Partner",
        "contentType": "f188bcf25c8e419d9f8d10b0926dd825",
        "contentTypeAlt": "c52cf3fb6f1c41588ea7fc77a092f419",
        "id": "ckevi25a0buv209082b9xxm15",
        "idAlt": "ckevi2t5j4gbf0916d0v40vu3",
        "img": "https://media.graphcms.com/0LvCmZ33R7KfbkPP6cFO",
        "link": "http://ai-fyi.com/",
        "order": null,
        "sponsor": Object {
          "avatar": Object {
            "url": "https://media.graphcms.com/0LvCmZ33R7KfbkPP6cFO",
          },
          "id": "ckevi25a0buv209082b9xxm15",
          "site": "http://ai-fyi.com/",
          "status": "PUBLISHED",
          "title": "ai-fyi",
        },
        "status": "PUBLISHED",
        "width": 80,
      },
      Object {
        "alt": "BCN",
        "category": "Partner",
        "contentType": "f188bcf25c8e419d9f8d10b0926dd825",
        "contentTypeAlt": "c52cf3fb6f1c41588ea7fc77a092f419",
        "id": "ckf27llhl523j0b77cqt83pbp",
        "idAlt": "ckf27mab44z3q0976m1v6clpq",
        "img": "https://media.graphcms.com/kL4aNGQKS9CxFhVeqxwh",
        "link": "https://www.meetup.com/Bcn-ai/",
        "order": null,
        "sponsor": Object {
          "avatar": Object {
            "url": "https://media.graphcms.com/kL4aNGQKS9CxFhVeqxwh",
          },
          "id": "ckf27llhl523j0b77cqt83pbp",
          "site": "https://www.meetup.com/Bcn-ai/",
          "status": "PUBLISHED",
          "title": "BCN",
        },
        "status": "PUBLISHED",
        "width": 90,
      },
      Object {
        "alt": "tribeofai",
        "category": "Partner",
        "contentType": "f188bcf25c8e419d9f8d10b0926dd825",
        "contentTypeAlt": "c52cf3fb6f1c41588ea7fc77a092f419",
        "id": "ckf3rr1rpdist0970d8wfeww5",
        "idAlt": "ckf3rrmv3diww09700jxxcsbk",
        "img": "https://media.graphcms.com/mzB2eHcnQQOWf40cVRxZ",
        "link": "https://www.tribeofai.com/",
        "order": null,
        "sponsor": Object {
          "avatar": Object {
            "url": "https://media.graphcms.com/mzB2eHcnQQOWf40cVRxZ",
          },
          "id": "ckf3rr1rpdist0970d8wfeww5",
          "site": "https://www.tribeofai.com/",
          "status": "PUBLISHED",
          "title": "tribeofai",
        },
        "status": "PUBLISHED",
        "width": 100,
      },
      Object {
        "alt": "lithuania",
        "category": "Partner",
        "contentType": "f188bcf25c8e419d9f8d10b0926dd825",
        "contentTypeAlt": "c52cf3fb6f1c41588ea7fc77a092f419",
        "id": "ckf3rtvd113fd09119ov75bqu",
        "idAlt": "ckf3ruf8z8tqa0b77gu86gztn",
        "img": "https://media.graphcms.com/YqSbXITRVCsiXXONvaw1",
        "link": "https://lithuania.ai/",
        "order": null,
        "sponsor": Object {
          "avatar": Object {
            "url": "https://media.graphcms.com/YqSbXITRVCsiXXONvaw1",
          },
          "id": "ckf3rtvd113fd09119ov75bqu",
          "site": "https://lithuania.ai/",
          "status": "PUBLISHED",
          "title": "lithuania",
        },
        "status": "PUBLISHED",
        "width": 150,
      },
      Object {
        "alt": "Riga AI, Machine Learning and Bots",
        "category": "Partner",
        "contentType": "f188bcf25c8e419d9f8d10b0926dd825",
        "contentTypeAlt": "c52cf3fb6f1c41588ea7fc77a092f419",
        "id": "ckf3rvz0g13nu0911bj9xcy57",
        "idAlt": "ckf3rwj4xdjjk0970g5lorsby",
        "img": "https://media.graphcms.com/XoHWAuJUS7CdL1J8YcSw",
        "link": "https://www.meetup.com/Riga-AI-Machine-Learning-and-Bots/",
        "order": null,
        "sponsor": Object {
          "avatar": Object {
            "url": "https://media.graphcms.com/XoHWAuJUS7CdL1J8YcSw",
          },
          "id": "ckf3rvz0g13nu0911bj9xcy57",
          "site": "https://www.meetup.com/Riga-AI-Machine-Learning-and-Bots/",
          "status": "PUBLISHED",
          "title": "Riga AI, Machine Learning and Bots",
        },
        "status": "PUBLISHED",
        "width": 80,
      },
      Object {
        "alt": "Data Science Portugal",
        "category": "Partner",
        "contentType": "f188bcf25c8e419d9f8d10b0926dd825",
        "contentTypeAlt": "c52cf3fb6f1c41588ea7fc77a092f419",
        "id": "ckf7yoowz6fse0911gghz4dt7",
        "idAlt": "ckf7yphjimuep0970g5f73lwv",
        "img": "https://media.graphcms.com/IFRYSOhNRPX0HnAgQaQC",
        "link": "https://www.meetup.com/datascienceportugal/",
        "order": null,
        "sponsor": Object {
          "avatar": Object {
            "url": "https://media.graphcms.com/IFRYSOhNRPX0HnAgQaQC",
          },
          "id": "ckf7yoowz6fse0911gghz4dt7",
          "site": "https://www.meetup.com/datascienceportugal/",
          "status": "PUBLISHED",
          "title": "Data Science Portugal",
        },
        "status": "PUBLISHED",
        "width": 80,
      },
      Object {
        "alt": "PyData Cyprus",
        "category": "Partner",
        "contentType": "f188bcf25c8e419d9f8d10b0926dd825",
        "contentTypeAlt": "c52cf3fb6f1c41588ea7fc77a092f419",
        "id": "ckfpjlp76w9bm0970uf3wm4la",
        "idAlt": "ckfpjmt6d64ch0b773ndioxff",
        "img": "https://media.graphcms.com/C9C7gDmvSxiCUr5ygp1G",
        "link": "https://www.meetup.com/PyData-Cyprus/",
        "order": null,
        "sponsor": Object {
          "avatar": null,
          "id": "ckfpjlp76w9bm0970uf3wm4la",
          "site": "https://www.meetup.com/PyData-Cyprus/",
          "status": "PUBLISHED",
          "title": "PyData Cyprus",
        },
        "status": "PUBLISHED",
        "width": 100,
      },
      Object {
        "alt": "bigdatarepublic",
        "category": "Partner",
        "contentType": "f188bcf25c8e419d9f8d10b0926dd825",
        "contentTypeAlt": "c52cf3fb6f1c41588ea7fc77a092f419",
        "id": "ckfsn3viu6pg70970lmgxvcb7",
        "idAlt": "ckfsn4h0kdj530b77cey4s04z",
        "img": "https://media.graphcms.com/p1oWGvIjRIKkAIksSGAf",
        "link": "https://www.bigdatarepublic.nl/",
        "order": null,
        "sponsor": Object {
          "avatar": Object {
            "url": "https://media.graphcms.com/p1oWGvIjRIKkAIksSGAf",
          },
          "id": "ckfsn3viu6pg70970lmgxvcb7",
          "site": "https://www.bigdatarepublic.nl/",
          "status": "PUBLISHED",
          "title": "bigdatarepublic",
        },
        "status": "PUBLISHED",
        "width": 90,
      },
      Object {
        "alt": "nextgrid.ai",
        "category": "Partner",
        "contentType": "f188bcf25c8e419d9f8d10b0926dd825",
        "contentTypeAlt": "c52cf3fb6f1c41588ea7fc77a092f419",
        "id": "ckfwv303uie710970lap9mb86",
        "idAlt": "ckfwv4bq7dgzw0911gh9ltnao",
        "img": "https://media.graphcms.com/ORZPzEkzQV2kOyvLMpes",
        "link": "https://nextgrid.ai/",
        "order": null,
        "sponsor": Object {
          "avatar": Object {
            "url": "https://media.graphcms.com/ORZPzEkzQV2kOyvLMpes",
          },
          "id": "ckfwv303uie710970lap9mb86",
          "site": "https://nextgrid.ai/",
          "status": "PUBLISHED",
          "title": "nextgrid.ai",
        },
        "status": "PUBLISHED",
        "width": 100,
      },
      Object {
        "alt": "Spain AI",
        "category": "Partner",
        "contentType": "f188bcf25c8e419d9f8d10b0926dd825",
        "contentTypeAlt": "c52cf3fb6f1c41588ea7fc77a092f419",
        "id": "ckg7t5vdcygur09115npt140l",
        "idAlt": "ckg7t6hwdygvr09113cqny1hg",
        "img": "https://media.graphcms.com/8OxSQhSyqzDRMsBdZw1F",
        "link": "https://www.spain-ai.com/",
        "order": null,
        "sponsor": Object {
          "avatar": Object {
            "url": "https://media.graphcms.com/8OxSQhSyqzDRMsBdZw1F",
          },
          "id": "ckg7t5vdcygur09115npt140l",
          "site": "https://www.spain-ai.com/",
          "status": "PUBLISHED",
          "title": "Spain AI",
        },
        "status": "PUBLISHED",
        "width": 100,
      },
      Object {
        "alt": "viennadatasciencegroup",
        "category": "Partner",
        "contentType": "f188bcf25c8e419d9f8d10b0926dd825",
        "contentTypeAlt": "c52cf3fb6f1c41588ea7fc77a092f419",
        "id": "ckgi0y24yk27w0b77ovl40vzv",
        "idAlt": "ckgi0yk3lk28v0b77rszutisr",
        "img": "https://media.graphcms.com/ac3TqceZT5y1pmBgfwui",
        "link": "https://viennadatasciencegroup.at/",
        "order": null,
        "sponsor": Object {
          "avatar": Object {
            "url": "https://media.graphcms.com/ac3TqceZT5y1pmBgfwui",
          },
          "id": "ckgi0y24yk27w0b77ovl40vzv",
          "site": "https://viennadatasciencegroup.at/",
          "status": "PUBLISHED",
          "title": "viennadatasciencegroup",
        },
        "status": "PUBLISHED",
        "width": 100,
      },
      Object {
        "alt": "PyLadies Amsterdam",
        "category": "Partner",
        "contentType": "f188bcf25c8e419d9f8d10b0926dd825",
        "contentTypeAlt": "c52cf3fb6f1c41588ea7fc77a092f419",
        "id": "ckgi10npqk2e40b776crchapd",
        "idAlt": "ckgi11b8scg390911wml63mfc",
        "img": "https://media.graphcms.com/grv1f138QIKPZ5RT7oXx",
        "link": "https://amsterdam.pyladies.com/",
        "order": null,
        "sponsor": Object {
          "avatar": Object {
            "url": "https://media.graphcms.com/grv1f138QIKPZ5RT7oXx",
          },
          "id": "ckgi10npqk2e40b776crchapd",
          "site": "https://amsterdam.pyladies.com/",
          "status": "PUBLISHED",
          "title": "PyLadies Amsterdam",
        },
        "status": "PUBLISHED",
        "width": 100,
      },
      Object {
        "alt": "Python Madrid",
        "category": "Partner",
        "contentType": "f188bcf25c8e419d9f8d10b0926dd825",
        "contentTypeAlt": "c52cf3fb6f1c41588ea7fc77a092f419",
        "id": "ckgky7227ae2q0970e2g84oq0",
        "idAlt": "ckgky7q3oae5g09700sfsdfjy",
        "img": "https://media.graphcms.com/1n1dYpLT2FLrmciriJqA",
        "link": "https://www.meetup.com/python-madrid/",
        "order": null,
        "sponsor": Object {
          "avatar": Object {
            "url": "https://media.graphcms.com/1n1dYpLT2FLrmciriJqA",
          },
          "id": "ckgky7227ae2q0970e2g84oq0",
          "site": "https://www.meetup.com/python-madrid/",
          "status": "PUBLISHED",
          "title": "Python Madrid",
        },
        "status": "PUBLISHED",
        "width": 150,
      },
      Object {
        "alt": "prg.ai",
        "category": "Partner",
        "contentType": "f188bcf25c8e419d9f8d10b0926dd825",
        "contentTypeAlt": "c52cf3fb6f1c41588ea7fc77a092f419",
        "id": "ckh0byhqo4rqr0911bvmx4q23",
        "idAlt": "ckh0bz62vcin80b77utksp11p",
        "img": "https://media.graphcms.com/nTwyV06CTFibF4nBQk4c",
        "link": "https://prg.ai/en/",
        "order": null,
        "sponsor": Object {
          "avatar": Object {
            "url": "https://media.graphcms.com/nTwyV06CTFibF4nBQk4c",
          },
          "id": "ckh0byhqo4rqr0911bvmx4q23",
          "site": "https://prg.ai/en/",
          "status": "PUBLISHED",
          "title": "prg.ai",
        },
        "status": "PUBLISHED",
        "width": 130,
      },
    ],
    "mod": "logos_xs sponsors-block_xs",
    "title": "Partners",
  },
]
`;
