// Jest Snapshot v1, https://goo.gl/fbAQLP

exports[`RS should be correct sponsors data 1`] = `
Array [
  Object {
    "category": "Gold",
    "list": Array [
      Object {
        "alt": "Microsoft",
        "category": "Gold",
        "contentType": "f188bcf25c8e419d9f8d10b0926dd825",
        "contentTypeAlt": "c52cf3fb6f1c41588ea7fc77a092f419",
        "id": "ckgghivfty5ba09704edb3tgk",
        "idAlt": "ckgghjhvthbwe0b772bvrs6ti",
        "img": "https://media.graphassets.com/SW2Nl2NUSoeSwAMUV9WA",
        "link": "https://aka.ms/mlconf",
        "order": null,
        "sponsor": Object {
          "avatar": Object {
            "handle": "W1IchFQcKWJvhu6J6AHA",
            "mimeType": "image/png",
            "url": "https://media.graphassets.com/W1IchFQcKWJvhu6J6AHA",
          },
          "id": "ckgghivfty5ba09704edb3tgk",
          "site": "",
          "title": "Microsoft",
        },
        "width": 550,
      },
      Object {
        "alt": "Yandex.Toloka",
        "category": "Gold",
        "contentType": "f188bcf25c8e419d9f8d10b0926dd825",
        "contentTypeAlt": "c52cf3fb6f1c41588ea7fc77a092f419",
        "id": "ckh0ebs5w4vzl0911wczej9ev",
        "idAlt": "ckh0eckwsd28i0970xcd8jswd",
        "img": "https://media.graphassets.com/qT4FNVxRJCtJsCAzNJ5g",
        "link": "https://toloka.ai/?utm_source=conference&utm_medium=sponsor&utm_compaign=mlconf2020eu",
        "order": null,
        "sponsor": Object {
          "avatar": Object {
            "handle": "qT4FNVxRJCtJsCAzNJ5g",
            "mimeType": "image/png",
            "url": "https://media.graphassets.com/qT4FNVxRJCtJsCAzNJ5g",
          },
          "id": "ckh0ebs5w4vzl0911wczej9ev",
          "site": "https://toloka.ai/?utm_source=conference&utm_medium=sponsor&utm_compaign=mlconf2020eu",
          "title": "Yandex.Toloka",
        },
        "width": 150,
      },
    ],
    "mod": "logos_md sponsors-block_lg",
    "title": "Gold",
  },
  Object {
    "category": "Silver",
    "list": Array [
      Object {
        "alt": "MathWorks",
        "category": "Silver",
        "contentType": "f188bcf25c8e419d9f8d10b0926dd825",
        "contentTypeAlt": "c52cf3fb6f1c41588ea7fc77a092f419",
        "id": "ckggi9cyihdwj0b77kr6mb8va",
        "idAlt": "ckggi9vuyhdx60b77378veh3p",
        "img": "https://media.graphassets.com/CJWd6VHiRXWHCDzxz9vS",
        "link": "https://www.mathworks.com/?s_eid=PEP_24253",
        "order": null,
        "sponsor": Object {
          "avatar": Object {
            "handle": "CJWd6VHiRXWHCDzxz9vS",
            "mimeType": "image/jpeg",
            "url": "https://media.graphassets.com/CJWd6VHiRXWHCDzxz9vS",
          },
          "id": "ckggi9cyihdwj0b77kr6mb8va",
          "site": "https://www.mathworks.com/?s_eid=PEP_24253",
          "title": "MathWorks",
        },
        "width": 300,
      },
      Object {
        "alt": "academy.infinite.red",
        "category": "Silver",
        "contentType": "f188bcf25c8e419d9f8d10b0926dd825",
        "contentTypeAlt": "c52cf3fb6f1c41588ea7fc77a092f419",
        "id": "ckgm4r0n6rafo0b77yd21ln97",
        "idAlt": "ckgm4rnfwjmhi0911493rrueo",
        "img": "https://media.graphassets.com/6TV0Hac9SqWFgW7tHPaW",
        "link": "https://academy.infinite.red/",
        "order": null,
        "sponsor": Object {
          "avatar": Object {
            "handle": "6TV0Hac9SqWFgW7tHPaW",
            "mimeType": "image/png",
            "url": "https://media.graphassets.com/6TV0Hac9SqWFgW7tHPaW",
          },
          "id": "ckgm4r0n6rafo0b77yd21ln97",
          "site": "https://academy.infinite.red/",
          "title": "academy.infinite.red",
        },
        "width": 300,
      },
    ],
    "mod": "logos_sm sponsors-block_lg",
    "title": "Silver",
  },
  Object {
    "category": "ProductionPartner",
    "list": Array [
      Object {
        "alt": "Google",
        "category": "ProductionPartner",
        "contentType": "f188bcf25c8e419d9f8d10b0926dd825",
        "contentTypeAlt": "c52cf3fb6f1c41588ea7fc77a092f419",
        "id": "ckebfhrq9e2n5091610xk7h7q",
        "idAlt": "ckfc86kq2j0dl0b77qzajqdfh",
        "img": "https://media.graphassets.com/kZoesI7SKyJgpmcH6mtq",
        "link": "https://about.google/intl/en/",
        "order": 1,
        "sponsor": Object {
          "avatar": Object {
            "handle": "kZoesI7SKyJgpmcH6mtq",
            "mimeType": "image/jpeg",
            "url": "https://media.graphassets.com/kZoesI7SKyJgpmcH6mtq",
          },
          "id": "ckebfhrq9e2n5091610xk7h7q",
          "site": "https://about.google/intl/en/",
          "title": "Google",
        },
        "width": 250,
      },
      Object {
        "alt": "Focus Reactive",
        "category": "ProductionPartner",
        "contentType": "f188bcf25c8e419d9f8d10b0926dd825",
        "contentTypeAlt": "c52cf3fb6f1c41588ea7fc77a092f419",
        "id": "ck0zk3adkpuu60b49tpdsxjlg",
        "idAlt": "ckc62iejhuv340903lo42kaaf",
        "img": "https://media.graphassets.com/LbvdRkVR51Tqctf3ZTbw",
        "link": "https://focusreactive.com",
        "order": null,
        "sponsor": Object {
          "avatar": Object {
            "handle": "Pxjw8dqhRqe2SGSpxZTD",
            "mimeType": "image/png",
            "url": "https://media.graphassets.com/Pxjw8dqhRqe2SGSpxZTD",
          },
          "id": "ck0zk3adkpuu60b49tpdsxjlg",
          "site": "https://focusreactive.com",
          "title": "Focus Reactive",
        },
        "width": 100,
      },
    ],
    "mod": "logos_sm sponsors-block_lg",
    "title": "Production Partners",
  },
  Object {
    "category": "Partner",
    "list": Array [
      Object {
        "alt": "schoolofdatascience",
        "category": "Partner",
        "contentType": "f188bcf25c8e419d9f8d10b0926dd825",
        "contentTypeAlt": "c52cf3fb6f1c41588ea7fc77a092f419",
        "id": "ckfp6prqu54n70b77hfoj1tiq",
        "idAlt": "ckfp6ql8kxkam09110pf6grrk",
        "img": "https://media.graphassets.com/DskImJjQMqsz7wJ1PVTg",
        "link": "https://schoolofdatascience.nl/",
        "order": 1,
        "sponsor": Object {
          "avatar": Object {
            "handle": "DskImJjQMqsz7wJ1PVTg",
            "mimeType": "image/png",
            "url": "https://media.graphassets.com/DskImJjQMqsz7wJ1PVTg",
          },
          "id": "ckfp6prqu54n70b77hfoj1tiq",
          "site": "https://schoolofdatascience.nl/",
          "title": "schoolofdatascience",
        },
        "width": 90,
      },
      Object {
        "alt": "Women Who Code Toronto",
        "category": "Partner",
        "contentType": "f188bcf25c8e419d9f8d10b0926dd825",
        "contentTypeAlt": "c52cf3fb6f1c41588ea7fc77a092f419",
        "id": "ckes8yaiuzw260916gjjun4dc",
        "idAlt": "ckes8yu1300ta0a8506rxcoia",
        "img": "https://media.graphassets.com/XxMHXWYRRpmobHKAXqb2",
        "link": "https://www.meetup.com/Women-Who-Code-Toronto/",
        "order": null,
        "sponsor": Object {
          "avatar": Object {
            "handle": "XxMHXWYRRpmobHKAXqb2",
            "mimeType": "image/png",
            "url": "https://media.graphassets.com/XxMHXWYRRpmobHKAXqb2",
          },
          "id": "ckes8yaiuzw260916gjjun4dc",
          "site": "https://www.meetup.com/Women-Who-Code-Toronto/",
          "title": "Women Who Code Toronto",
        },
        "width": 70,
      },
      Object {
        "alt": "AIgents",
        "category": "Partner",
        "contentType": "f188bcf25c8e419d9f8d10b0926dd825",
        "contentTypeAlt": "c52cf3fb6f1c41588ea7fc77a092f419",
        "id": "ckes93hwa010u0a85mnxcyi8g",
        "idAlt": "ckes94cpa013a0a85mn1r9e02",
        "img": "https://media.graphassets.com/d6xrxNFvRCqVvXzTk0Fc",
        "link": "https://aigents.co/",
        "order": null,
        "sponsor": Object {
          "avatar": Object {
            "handle": "d6xrxNFvRCqVvXzTk0Fc",
            "mimeType": "image/png",
            "url": "https://media.graphassets.com/d6xrxNFvRCqVvXzTk0Fc",
          },
          "id": "ckes93hwa010u0a85mnxcyi8g",
          "site": "https://aigents.co/",
          "title": "AIgents",
        },
        "width": 80,
      },
      Object {
        "alt": "toelt.ai",
        "category": "Partner",
        "contentType": "f188bcf25c8e419d9f8d10b0926dd825",
        "contentTypeAlt": "c52cf3fb6f1c41588ea7fc77a092f419",
        "id": "ckes8vtpi00oc0a8578r7weop",
        "idAlt": "ckes8wjhhzvzc0916jvk4i95j",
        "img": "https://media.graphassets.com/1OCGoxDQaucI9d2mgA9g",
        "link": "http://toelt.ai/",
        "order": null,
        "sponsor": Object {
          "avatar": Object {
            "handle": "1OCGoxDQaucI9d2mgA9g",
            "mimeType": "image/png",
            "url": "https://media.graphassets.com/1OCGoxDQaucI9d2mgA9g",
          },
          "id": "ckes8vtpi00oc0a8578r7weop",
          "site": "http://toelt.ai/",
          "title": "toelt.ai",
        },
        "width": 130,
      },
      Object {
        "alt": "Crow intelligence",
        "category": "Partner",
        "contentType": "f188bcf25c8e419d9f8d10b0926dd825",
        "contentTypeAlt": "c52cf3fb6f1c41588ea7fc77a092f419",
        "id": "ckes90nj147yg0908g00hfc45",
        "idAlt": "ckes91b5300y30a85f3lbus7t",
        "img": "https://media.graphassets.com/BKHjYWulQdaJzHTQT2zE",
        "link": "https://crowintelligence.org/",
        "order": null,
        "sponsor": Object {
          "avatar": Object {
            "handle": "BKHjYWulQdaJzHTQT2zE",
            "mimeType": "image/png",
            "url": "https://media.graphassets.com/BKHjYWulQdaJzHTQT2zE",
          },
          "id": "ckes90nj147yg0908g00hfc45",
          "site": "https://crowintelligence.org/",
          "title": "Crow intelligence",
        },
        "width": 50,
      },
      Object {
        "alt": "LA Big Data Science, Deep Learning & AI",
        "category": "Partner",
        "contentType": "f188bcf25c8e419d9f8d10b0926dd825",
        "contentTypeAlt": "c52cf3fb6f1c41588ea7fc77a092f419",
        "id": "cketokwuj1py00a857v338b21",
        "idAlt": "cketoll851pzc0a85ka9d07sw",
        "img": "https://media.graphassets.com/GS8ySaBQuGuIYpm4geR8",
        "link": "https://www.meetup.com/Los-Angeles-Deep-Learning-Big-Data-Science-AI/",
        "order": null,
        "sponsor": Object {
          "avatar": Object {
            "handle": "GS8ySaBQuGuIYpm4geR8",
            "mimeType": "image/jpeg",
            "url": "https://media.graphassets.com/GS8ySaBQuGuIYpm4geR8",
          },
          "id": "cketokwuj1py00a857v338b21",
          "site": "https://www.meetup.com/Los-Angeles-Deep-Learning-Big-Data-Science-AI/",
          "title": "LA Big Data Science, Deep Learning & AI",
        },
        "width": 110,
      },
      Object {
        "alt": "NY-NLP",
        "category": "Partner",
        "contentType": "f188bcf25c8e419d9f8d10b0926dd825",
        "contentTypeAlt": "c52cf3fb6f1c41588ea7fc77a092f419",
        "id": "cketonbrn1m7l09166t8g0n1r",
        "idAlt": "cketonyl91q3e0a857d6ftnjk",
        "img": "https://media.graphassets.com/sHQPIieSOO0LXTJGVIFT",
        "link": "https://www.meetup.com/NY-NLP/",
        "order": null,
        "sponsor": Object {
          "avatar": Object {
            "handle": "sHQPIieSOO0LXTJGVIFT",
            "mimeType": "image/png",
            "url": "https://media.graphassets.com/sHQPIieSOO0LXTJGVIFT",
          },
          "id": "cketonbrn1m7l09166t8g0n1r",
          "site": "https://www.meetup.com/NY-NLP/",
          "title": "NY-NLP",
        },
        "width": 80,
      },
      Object {
        "alt": "Machine Learning Torino",
        "category": "Partner",
        "contentType": "f188bcf25c8e419d9f8d10b0926dd825",
        "contentTypeAlt": "c52cf3fb6f1c41588ea7fc77a092f419",
        "id": "cketoutno1mgo0916442pe408",
        "idAlt": "cketovteo1mii0916ab53mha3",
        "img": "https://media.graphassets.com/aVaO6DV6QOmItplO0GJO",
        "link": "https://www.meetup.com/Machine-Learning-TO/",
        "order": null,
        "sponsor": Object {
          "avatar": Object {
            "handle": "aVaO6DV6QOmItplO0GJO",
            "mimeType": "image/png",
            "url": "https://media.graphassets.com/aVaO6DV6QOmItplO0GJO",
          },
          "id": "cketoutno1mgo0916442pe408",
          "site": "https://www.meetup.com/Machine-Learning-TO/",
          "title": "Machine Learning Torino",
        },
        "width": 75,
      },
      Object {
        "alt": "Natural Language Processing Copenhagen",
        "category": "Partner",
        "contentType": "f188bcf25c8e419d9f8d10b0926dd825",
        "contentTypeAlt": "c52cf3fb6f1c41588ea7fc77a092f419",
        "id": "ckev8rbsub38k0908fqj1hrrb",
        "idAlt": "ckev92qos3whm0916otaeehej",
        "img": "https://media.graphassets.com/QFyoufuTRS1L0WN3WELA",
        "link": "https://www.meetup.com/Natural-Language-Processing-Copenhagen-Meetup/",
        "order": null,
        "sponsor": Object {
          "avatar": Object {
            "handle": "QFyoufuTRS1L0WN3WELA",
            "mimeType": "image/jpeg",
            "url": "https://media.graphassets.com/QFyoufuTRS1L0WN3WELA",
          },
          "id": "ckev8rbsub38k0908fqj1hrrb",
          "site": "https://www.meetup.com/Natural-Language-Processing-Copenhagen-Meetup/",
          "title": "Natural Language Processing Copenhagen",
        },
        "width": 60,
      },
      Object {
        "alt": "Vienna Deep Learning",
        "category": "Partner",
        "contentType": "f188bcf25c8e419d9f8d10b0926dd825",
        "contentTypeAlt": "c52cf3fb6f1c41588ea7fc77a092f419",
        "id": "ckev8m2w83vhg0916iodrjr2e",
        "idAlt": "ckev8mrk73vnv091699lq5moy",
        "img": "https://media.graphassets.com/RHrz6AAwSJmpdTJPOH6q",
        "link": "https://www.meetup.com/Vienna-Deep-Learning-Meetup/",
        "order": null,
        "sponsor": Object {
          "avatar": Object {
            "handle": "RHrz6AAwSJmpdTJPOH6q",
            "mimeType": "image/png",
            "url": "https://media.graphassets.com/RHrz6AAwSJmpdTJPOH6q",
          },
          "id": "ckev8m2w83vhg0916iodrjr2e",
          "site": "https://www.meetup.com/Vienna-Deep-Learning-Meetup/",
          "title": "Vienna Deep Learning",
        },
        "width": 100,
      },
      Object {
        "alt": "Stockholm Machine Learning Club",
        "category": "Partner",
        "contentType": "f188bcf25c8e419d9f8d10b0926dd825",
        "contentTypeAlt": "c52cf3fb6f1c41588ea7fc77a092f419",
        "id": "ckev8o6nm3w3v0a85wx3ghng7",
        "idAlt": "ckev8ovg53w5l0a8531l8ifa7",
        "img": "https://media.graphassets.com/5DTe9sZQkmiE9VkWLpmu",
        "link": "https://www.meetup.com/meetup-group-GwcrPppu/",
        "order": null,
        "sponsor": Object {
          "avatar": Object {
            "handle": "5DTe9sZQkmiE9VkWLpmu",
            "mimeType": "image/png",
            "url": "https://media.graphassets.com/5DTe9sZQkmiE9VkWLpmu",
          },
          "id": "ckev8o6nm3w3v0a85wx3ghng7",
          "site": "https://www.meetup.com/meetup-group-GwcrPppu/",
          "title": "Stockholm Machine Learning Club",
        },
        "width": 110,
      },
      Object {
        "alt": "ai-fyi",
        "category": "Partner",
        "contentType": "f188bcf25c8e419d9f8d10b0926dd825",
        "contentTypeAlt": "c52cf3fb6f1c41588ea7fc77a092f419",
        "id": "ckevi25a0buv209082b9xxm15",
        "idAlt": "ckevi2t5j4gbf0916d0v40vu3",
        "img": "https://media.graphassets.com/CagxN0ofQFOfwa1bQm78",
        "link": "http://ai-fyi.com/",
        "order": null,
        "sponsor": Object {
          "avatar": Object {
            "handle": "CagxN0ofQFOfwa1bQm78",
            "mimeType": "image/png",
            "url": "https://media.graphassets.com/CagxN0ofQFOfwa1bQm78",
          },
          "id": "ckevi25a0buv209082b9xxm15",
          "site": "http://ai-fyi.com/",
          "title": "ai-fyi",
        },
        "width": 80,
      },
      Object {
        "alt": "BCN",
        "category": "Partner",
        "contentType": "f188bcf25c8e419d9f8d10b0926dd825",
        "contentTypeAlt": "c52cf3fb6f1c41588ea7fc77a092f419",
        "id": "ckf27llhl523j0b77cqt83pbp",
        "idAlt": "ckf27mab44z3q0976m1v6clpq",
        "img": "https://media.graphassets.com/bkEXtTSTT3mLK73WWDzf",
        "link": "https://www.meetup.com/Bcn-ai/",
        "order": null,
        "sponsor": Object {
          "avatar": Object {
            "handle": "bkEXtTSTT3mLK73WWDzf",
            "mimeType": "image/png",
            "url": "https://media.graphassets.com/bkEXtTSTT3mLK73WWDzf",
          },
          "id": "ckf27llhl523j0b77cqt83pbp",
          "site": "https://www.meetup.com/Bcn-ai/",
          "title": "BCN",
        },
        "width": 90,
      },
      Object {
        "alt": "tribeofai",
        "category": "Partner",
        "contentType": "f188bcf25c8e419d9f8d10b0926dd825",
        "contentTypeAlt": "c52cf3fb6f1c41588ea7fc77a092f419",
        "id": "ckf3rr1rpdist0970d8wfeww5",
        "idAlt": "ckf3rrmv3diww09700jxxcsbk",
        "img": "https://media.graphassets.com/fL9qUA8TfGNynbJtPvlQ",
        "link": "https://www.tribeofai.com/",
        "order": null,
        "sponsor": Object {
          "avatar": Object {
            "handle": "fL9qUA8TfGNynbJtPvlQ",
            "mimeType": "image/png",
            "url": "https://media.graphassets.com/fL9qUA8TfGNynbJtPvlQ",
          },
          "id": "ckf3rr1rpdist0970d8wfeww5",
          "site": "https://www.tribeofai.com/",
          "title": "tribeofai",
        },
        "width": 100,
      },
      Object {
        "alt": "lithuania",
        "category": "Partner",
        "contentType": "f188bcf25c8e419d9f8d10b0926dd825",
        "contentTypeAlt": "c52cf3fb6f1c41588ea7fc77a092f419",
        "id": "ckf3rtvd113fd09119ov75bqu",
        "idAlt": "ckf3ruf8z8tqa0b77gu86gztn",
        "img": "https://media.graphassets.com/QZWgtca8RL2vqzuqy1Xg",
        "link": "https://lithuania.ai/",
        "order": null,
        "sponsor": Object {
          "avatar": Object {
            "handle": "QZWgtca8RL2vqzuqy1Xg",
            "mimeType": "image/png",
            "url": "https://media.graphassets.com/QZWgtca8RL2vqzuqy1Xg",
          },
          "id": "ckf3rtvd113fd09119ov75bqu",
          "site": "https://lithuania.ai/",
          "title": "lithuania",
        },
        "width": 150,
      },
      Object {
        "alt": "Riga AI, Machine Learning and Bots",
        "category": "Partner",
        "contentType": "f188bcf25c8e419d9f8d10b0926dd825",
        "contentTypeAlt": "c52cf3fb6f1c41588ea7fc77a092f419",
        "id": "ckf3rvz0g13nu0911bj9xcy57",
        "idAlt": "ckf3rwj4xdjjk0970g5lorsby",
        "img": "https://media.graphassets.com/FGfR8EqeRHKJ9YAYoTGM",
        "link": "https://www.meetup.com/Riga-AI-Machine-Learning-and-Bots/",
        "order": null,
        "sponsor": Object {
          "avatar": Object {
            "handle": "FGfR8EqeRHKJ9YAYoTGM",
            "mimeType": "image/jpeg",
            "url": "https://media.graphassets.com/FGfR8EqeRHKJ9YAYoTGM",
          },
          "id": "ckf3rvz0g13nu0911bj9xcy57",
          "site": "https://www.meetup.com/Riga-AI-Machine-Learning-and-Bots/",
          "title": "Riga AI, Machine Learning and Bots",
        },
        "width": 80,
      },
      Object {
        "alt": "Data Science Portugal",
        "category": "Partner",
        "contentType": "f188bcf25c8e419d9f8d10b0926dd825",
        "contentTypeAlt": "c52cf3fb6f1c41588ea7fc77a092f419",
        "id": "ckf7yoowz6fse0911gghz4dt7",
        "idAlt": "ckf7yphjimuep0970g5f73lwv",
        "img": "https://media.graphassets.com/d7iWQxHWROizhYcSSL2X",
        "link": "https://www.meetup.com/datascienceportugal/",
        "order": null,
        "sponsor": Object {
          "avatar": Object {
            "handle": "d7iWQxHWROizhYcSSL2X",
            "mimeType": "image/png",
            "url": "https://media.graphassets.com/d7iWQxHWROizhYcSSL2X",
          },
          "id": "ckf7yoowz6fse0911gghz4dt7",
          "site": "https://www.meetup.com/datascienceportugal/",
          "title": "Data Science Portugal",
        },
        "width": 80,
      },
      Object {
        "alt": "PyData Cyprus",
        "category": "Partner",
        "contentType": "f188bcf25c8e419d9f8d10b0926dd825",
        "contentTypeAlt": "c52cf3fb6f1c41588ea7fc77a092f419",
        "id": "ckfpjlp76w9bm0970uf3wm4la",
        "idAlt": "ckfpjmt6d64ch0b773ndioxff",
        "img": "https://media.graphassets.com/KIzjjHq8SgmzxR8ASGgY",
        "link": "https://www.meetup.com/PyData-Cyprus/",
        "order": null,
        "sponsor": Object {
          "avatar": null,
          "id": "ckfpjlp76w9bm0970uf3wm4la",
          "site": "https://www.meetup.com/PyData-Cyprus/",
          "title": "PyData Cyprus",
        },
        "width": 100,
      },
      Object {
        "alt": "bigdatarepublic",
        "category": "Partner",
        "contentType": "f188bcf25c8e419d9f8d10b0926dd825",
        "contentTypeAlt": "c52cf3fb6f1c41588ea7fc77a092f419",
        "id": "ckfsn3viu6pg70970lmgxvcb7",
        "idAlt": "ckfsn4h0kdj530b77cey4s04z",
        "img": "https://media.graphassets.com/nrq1Qe8bQJi2ILFAddeE",
        "link": "https://www.bigdatarepublic.nl/",
        "order": null,
        "sponsor": Object {
          "avatar": Object {
            "handle": "nrq1Qe8bQJi2ILFAddeE",
            "mimeType": "image/jpeg",
            "url": "https://media.graphassets.com/nrq1Qe8bQJi2ILFAddeE",
          },
          "id": "ckfsn3viu6pg70970lmgxvcb7",
          "site": "https://www.bigdatarepublic.nl/",
          "title": "bigdatarepublic",
        },
        "width": 90,
      },
      Object {
        "alt": "nextgrid.ai",
        "category": "Partner",
        "contentType": "f188bcf25c8e419d9f8d10b0926dd825",
        "contentTypeAlt": "c52cf3fb6f1c41588ea7fc77a092f419",
        "id": "ckfwv303uie710970lap9mb86",
        "idAlt": "ckfwv4bq7dgzw0911gh9ltnao",
        "img": "https://media.graphassets.com/VUWfjAQzTIqeLhAUTNCW",
        "link": "https://nextgrid.ai/",
        "order": null,
        "sponsor": Object {
          "avatar": Object {
            "handle": "VUWfjAQzTIqeLhAUTNCW",
            "mimeType": "image/png",
            "url": "https://media.graphassets.com/VUWfjAQzTIqeLhAUTNCW",
          },
          "id": "ckfwv303uie710970lap9mb86",
          "site": "https://nextgrid.ai/",
          "title": "nextgrid.ai",
        },
        "width": 100,
      },
      Object {
        "alt": "Spain AI",
        "category": "Partner",
        "contentType": "f188bcf25c8e419d9f8d10b0926dd825",
        "contentTypeAlt": "c52cf3fb6f1c41588ea7fc77a092f419",
        "id": "ckg7t5vdcygur09115npt140l",
        "idAlt": "ckg7t6hwdygvr09113cqny1hg",
        "img": "https://media.graphassets.com/BA29TPSfeq8aLxtliwAR",
        "link": "https://www.spain-ai.com/",
        "order": null,
        "sponsor": Object {
          "avatar": Object {
            "handle": "BA29TPSfeq8aLxtliwAR",
            "mimeType": "image/png",
            "url": "https://media.graphassets.com/BA29TPSfeq8aLxtliwAR",
          },
          "id": "ckg7t5vdcygur09115npt140l",
          "site": "https://www.spain-ai.com/",
          "title": "Spain AI",
        },
        "width": 100,
      },
      Object {
        "alt": "viennadatasciencegroup",
        "category": "Partner",
        "contentType": "f188bcf25c8e419d9f8d10b0926dd825",
        "contentTypeAlt": "c52cf3fb6f1c41588ea7fc77a092f419",
        "id": "ckgi0y24yk27w0b77ovl40vzv",
        "idAlt": "ckgi0yk3lk28v0b77rszutisr",
        "img": "https://media.graphassets.com/mTxQ8O5SPC526ucUav4e",
        "link": "https://viennadatasciencegroup.at/",
        "order": null,
        "sponsor": Object {
          "avatar": Object {
            "handle": "mTxQ8O5SPC526ucUav4e",
            "mimeType": "image/png",
            "url": "https://media.graphassets.com/mTxQ8O5SPC526ucUav4e",
          },
          "id": "ckgi0y24yk27w0b77ovl40vzv",
          "site": "https://viennadatasciencegroup.at/",
          "title": "viennadatasciencegroup",
        },
        "width": 100,
      },
      Object {
        "alt": "PyLadies Amsterdam",
        "category": "Partner",
        "contentType": "f188bcf25c8e419d9f8d10b0926dd825",
        "contentTypeAlt": "c52cf3fb6f1c41588ea7fc77a092f419",
        "id": "ckgi10npqk2e40b776crchapd",
        "idAlt": "ckgi11b8scg390911wml63mfc",
        "img": "https://media.graphassets.com/ye1xM1mSRJS0socs0AId",
        "link": "https://amsterdam.pyladies.com/",
        "order": null,
        "sponsor": Object {
          "avatar": Object {
            "handle": "ye1xM1mSRJS0socs0AId",
            "mimeType": "image/png",
            "url": "https://media.graphassets.com/ye1xM1mSRJS0socs0AId",
          },
          "id": "ckgi10npqk2e40b776crchapd",
          "site": "https://amsterdam.pyladies.com/",
          "title": "PyLadies Amsterdam",
        },
        "width": 100,
      },
      Object {
        "alt": "Python Madrid",
        "category": "Partner",
        "contentType": "f188bcf25c8e419d9f8d10b0926dd825",
        "contentTypeAlt": "c52cf3fb6f1c41588ea7fc77a092f419",
        "id": "ckgky7227ae2q0970e2g84oq0",
        "idAlt": "ckgky7q3oae5g09700sfsdfjy",
        "img": "https://media.graphassets.com/NvBcF1zIR3SuA81QIUXT",
        "link": "https://www.meetup.com/python-madrid/",
        "order": null,
        "sponsor": Object {
          "avatar": Object {
            "handle": "NvBcF1zIR3SuA81QIUXT",
            "mimeType": "image/png",
            "url": "https://media.graphassets.com/NvBcF1zIR3SuA81QIUXT",
          },
          "id": "ckgky7227ae2q0970e2g84oq0",
          "site": "https://www.meetup.com/python-madrid/",
          "title": "Python Madrid",
        },
        "width": 150,
      },
      Object {
        "alt": "prg.ai",
        "category": "Partner",
        "contentType": "f188bcf25c8e419d9f8d10b0926dd825",
        "contentTypeAlt": "c52cf3fb6f1c41588ea7fc77a092f419",
        "id": "ckh0byhqo4rqr0911bvmx4q23",
        "idAlt": "ckh0bz62vcin80b77utksp11p",
        "img": "https://media.graphassets.com/amMcdkSwT0KQvCYUJ2ZA",
        "link": "https://prg.ai/en/",
        "order": null,
        "sponsor": Object {
          "avatar": Object {
            "handle": "amMcdkSwT0KQvCYUJ2ZA",
            "mimeType": "image/png",
            "url": "https://media.graphassets.com/amMcdkSwT0KQvCYUJ2ZA",
          },
          "id": "ckh0byhqo4rqr0911bvmx4q23",
          "site": "https://prg.ai/en/",
          "title": "prg.ai",
        },
        "width": 130,
      },
    ],
    "mod": "logos_xs sponsors-block_xs",
    "title": "Partners",
  },
]
`;
